// Jest Snapshot v1, https://goo.gl/fbAQLP

exports[`SavePanel it can be render with default props 1`] = `
"<div class=\\"q-pa-md full-width\\"><button tabindex=\\"0\\" type=\\"button\\" role=\\"button\\" class=\\"q-btn q-btn-item non-selectable no-outline q-btn--standard q-btn--rectangle bg-primary text-white q-btn--actionable q-focusable q-hoverable q-btn--wrap full-width\\" style=\\"font-size: 20px;\\"><span class=\\"q-focus-helper\\"></span><span class=\\"q-btn__wrapper col row q-anchor--skip\\"><span class=\\"q-btn__content text-center col items-center q-anchor--skip justify-center row\\"><span class=\\"block\\">Save</span></span></span>
    <transition-stub name=\\"q-transition--fade\\"></transition-stub>
  </button></div>"
`;

exports[`SavePanel it can be render with provided props 1`] = `
"<div class=\\"q-pa-md full-width\\"><button tabindex=\\"0\\" type=\\"button\\" role=\\"button\\" class=\\"q-btn q-btn-item non-selectable no-outline q-btn--standard q-btn--rectangle bg-brown-5 text-white q-btn--actionable q-focusable q-hoverable q-btn--wrap full-width\\" style=\\"font-size: 14px;\\"><span class=\\"q-focus-helper\\"></span><span class=\\"q-btn__wrapper col row q-anchor--skip\\"><span class=\\"q-btn__content text-center col items-center q-anchor--skip justify-center row\\"><span class=\\"block\\">Save Post</span></span></span>
    <transition-stub name=\\"q-transition--fade\\"></transition-stub>
  </button></div>"
`;
